I'm sorry, but errors were detected in your script. Please correct the
errors listed below, and try again.


File "game/script.rpy", line 11427: reached end of line when expecting ':'.
    if meiko_route
                  ^

Ren'Py Version: Ren'Py 6.99.10.1227
